[clash-royale.hqhacksandcheats.com/index.html]
[backblue.gif]
[fade.gif]
[index.html]
[clash-royale.hqhacksandcheats.com/css/bootstrap.min.css]
[clash-royale.hqhacksandcheats.com/css/main.css]
[clash-royale.hqhacksandcheats.com/css/smart-forms.css]
[clash-royale.hqhacksandcheats.com/css/smart-themes/yellow.css]
[clash-royale.hqhacksandcheats.com/css/font-awesome.min.css]
[clash-royale.hqhacksandcheats.com/css/jquery.mCustomScrollbar.min.css]
[clash-royale.hqhacksandcheats.com/css/animate.css]
[clash-royale.hqhacksandcheats.com/images/logo.png]
[clash-royale.hqhacksandcheats.com/faq.html]
[clash-royale.hqhacksandcheats.com/contact-us.html]
[clash-royale.hqhacksandcheats.com/images/bg.jpg]
[clash-royale.hqhacksandcheats.com/images/contentbg.jpg]
[clash-royale.hqhacksandcheats.com/images/proof.jpg]
[ajax.googleapis.com/ajax/libs/jquery/1.11.3/jquery.min.js]
[clash-royale.hqhacksandcheats.com/js/bootstrap.min.js]
[clash-royale.hqhacksandcheats.com/js/jquery.validate.min.js]
[clash-royale.hqhacksandcheats.com/js/additional-methods.min.js]
[clash-royale.hqhacksandcheats.com/js/jquery-ui-touch-punch.min.js]
[clash-royale.hqhacksandcheats.com/js/jquery.mCustomScrollbar.concat.min.js]
[clash-royale.hqhacksandcheats.com/js/jquery-ui-1.10.4.custom.min.js]
[clash-royale.hqhacksandcheats.com/js/moment.js]
[clash-royale.hqhacksandcheats.com/js/jquery.cookie.js]
[clash-royale.hqhacksandcheats.com/js/chatpro.js]
[clash-royale.hqhacksandcheats.com/js/morphext.min.js]
[clash-royale.hqhacksandcheats.com/phps/ajax_check_lead.html]
[clash-royale.hqhacksandcheats.com/index.html]
[clash-royale.hqhacksandcheats.com/fonts/glyphicons-halflings-regular.eot]
[clash-royale.hqhacksandcheats.com/fonts/glyphicons-halflings-regular.woff2]
[clash-royale.hqhacksandcheats.com/fonts/glyphicons-halflings-regulard41d.eot]
[clash-royale.hqhacksandcheats.com/fonts/glyphicons-halflings-regular.woff]
[clash-royale.hqhacksandcheats.com/fonts/glyphicons-halflings-regular.ttf]
[clash-royale.hqhacksandcheats.com/css/bootstrap.min.css]
[clash-royale.hqhacksandcheats.com/fonts/glyphicons-halflings-regular.svg]
[clash-royale.hqhacksandcheats.com/css/img/bgcoc.jpg]
[clash-royale.hqhacksandcheats.com/images/icongreen.png]
[clash-royale.hqhacksandcheats.com/images/iconred.png]
[clash-royale.hqhacksandcheats.com/css/main.css]
[clash-royale.hqhacksandcheats.com/css/smart-forms.css]
[clash-royale.hqhacksandcheats.com/css/smart-themes/yellow.css]
[clash-royale.hqhacksandcheats.com/fonts/fontawesome/fontawesome-webfont862f.eot]
[clash-royale.hqhacksandcheats.com/fonts/fontawesome/fontawesome-webfontd41d.eot]
[clash-royale.hqhacksandcheats.com/fonts/fontawesome/fontawesome-webfont862f.woff]
[clash-royale.hqhacksandcheats.com/fonts/fontawesome/fontawesome-webfont862f.ttf]
[clash-royale.hqhacksandcheats.com/fonts/fontawesome/fontawesome-webfont862f.svg]
[clash-royale.hqhacksandcheats.com/css/font-awesome.min.css]
[clash-royale.hqhacksandcheats.com/css/jquery.mCustomScrollbar.min.css]
[clash-royale.hqhacksandcheats.com/css/animate.css]
[clash-royale.hqhacksandcheats.com/css/morphext.css]
[clash-royale.hqhacksandcheats.com/faq.html]
[clash-royale.hqhacksandcheats.com/contact-us.html]
[clash-royale.hqhacksandcheats.com/h.html]
[clash-royale.hqhacksandcheats.com/phps/ajax_check_lead.html]
[clash-royale.hqhacksandcheats.com/fonts/glyphicons-halflings-regular.svg]
[clash-royale.hqhacksandcheats.com/images/dark.html]
[clash-royale.hqhacksandcheats.com/images/wood.html]
[clash-royale.hqhacksandcheats.com/fonts/fontawesome/fontawesome-webfont862f.svg]
[clash-royale.hqhacksandcheats.com/css/mCSB_buttons.html]
